// Jest Snapshot v1, https://goo.gl/fbAQLP

exports[`About component matches snapshot DOM node structure 1`] = `
<DocumentFragment>
  <section>
    <h1
      id="about"
    >
      It's Me!
    </h1>
    <img
      alt="cover"
      class="my-2"
      src="image0.jpeg"
      style="width: 75%;"
    />
  </section>
</DocumentFragment>
`;
